// Jest Snapshot v1, https://goo.gl/fbAQLP

exports[`Test the ToDo form Test the snapshot matches 1`] = `undefined`;
